In what scientists are calling "the most significant astrobiological discovery in human history," researchers have confirmed the existence of complex, jellyfish-like organisms living in subsurface lakes on Jupiter's moon Europa.
The incredible discovery was made when NASA's Europa Submersible Exploration Probe (ESEP) penetrated the moon's icy surface last month and deployed a series of autonomous underwater drones equipped with advanced imaging systems and biological sensors.
"We expected to find, at most, some form of microbial life," said Dr. Samantha Chen, lead astrobiologist for the Europa mission. "What we discovered instead has completely revolutionized our understanding of how life can evolve in the solar system."
The Europa jellyfish, as they've been unofficially named, range from 15 to 30 centimeters in length and appear to communicate through complex patterns of bioluminescence. Even more surprising, the creatures seem to have evolved specialized appendages that they use to manipulate their environment.
"These aren't just passive organisms floating in the water," explained Dr. Marcus Williams, a marine biologist who joined the Europa research team. "They exhibit problem-solving behaviors and appear to have a form of social structure. We've observed them collaborating to navigate obstacles and even constructing simple shelters from mineral deposits."
The organisms have evolved in an environment with no sunlight, instead deriving energy from Europa's hydrothermal vents, where water is heated by tidal forces from Jupiter's gravitational pull.
Scientists are particularly intrigued by the creatures' apparent ability to withstand high levels of radiation that periodically penetrate Europa's ice when cracks form in the surface.
"Their cellular structure includes what appears to be a radiation-resistant protein that we've never seen before," said biophysicist Dr. James Park. "This compound could have enormous implications for everything from cancer treatment to deep space human travel."
The discovery has prompted intense debate within the scientific community about how to proceed with further research while minimizing human impact on the newly discovered ecosystem.
"We need to approach this with tremendous caution," warned Dr. Chen. "We're already developing strict protocols to ensure we don't contaminate their environment or disrupt their social structures."
The United Nations has announced the formation of an international committee to establish ethical guidelines for future Europa exploration, with representatives from 27 countries expected to participate.
NASA has already begun planning a follow-up mission that would deploy more sophisticated monitoring equipment designed to observe the jellyfish with minimal interference.
"This is just the beginning," said NASA Administrator Captain Rebecca Johnston. "The Europa jellyfish represent our first contact with complex extraterrestrial life. What we learn from them could fundamentally change our understanding of biology, evolution, and our place in the universe."