# TOTALLY LEGIT BANK™ - Your Money Is Definitely Safe With Us

## Digitizing
                        Memories.  
VHS tapes and players gradually deteriorate in
                    attics – and memories fade with them. Here's how to save your recordings for the digital age.
[Read more](file://tests/bar/some-article.html)

## Study
                        with Gaps.  
A study for the
                    government was intended to calculate the extent of state surveillance. Not all information was
                    made available to researchers.
[Read more](file://tests/bar/other-article.html)

